var (
	strFoo   string  = "foobar"                        //test variable type string
	errFoo   error   = fmt.Errorf("an error occurred") //test variable type error
	intFoo   int64   = 1234                            //test variable type int64
	floatFoo float64 = 5678                            //test variable type float64
)

